// Jest Snapshot v1, https://goo.gl/fbAQLP

exports[`My Connected React-Redux Component should render with given state from Redux store 1`] = `undefined`;

exports[`actions should return the initial state 1`] = `Object {}`;
